Sat Sep 12 14:38:54 PDT 2015
Sat Sep 12 17:27:16 PDT 2015
Sat Sep 12 19:29:53 PDT 2015
Sat Sep 12 21:00:20 PDT 2015
Sat Sep 12 21:04:19 PDT 2015
Sat Sep 12 21:14:31 PDT 2015
Sat Sep 12 22:01:23 PDT 2015
Sat Sep 12 22:06:42 PDT 2015
Sat Sep 12 22:12:14 PDT 2015
Sat Sep 12 22:45:28 PDT 2015
Sat Sep 12 22:58:25 PDT 2015
Sat Sep 12 23:01:23 PDT 2015
Sat Sep 12 23:03:16 PDT 2015
Sat Sep 12 23:29:08 PDT 2015
Mon Sep 21 21:07:13 PDT 2015
Mon Sep 21 21:18:35 PDT 2015
Mon Sep 21 21:23:43 PDT 2015
Fri Oct 9 16:53:31 PDT 2015
Fri Oct 9 16:53:34 PDT 2015
Fri Oct 9 16:53:37 PDT 2015
Fri Oct 9 17:12:45 PDT 2015
Fri Oct 9 17:12:48 PDT 2015
Fri Oct 9 17:12:51 PDT 2015
Sat Oct 10 18:49:24 PDT 2015
Sat Oct 10 18:50:48 PDT 2015
Sat Oct 10 18:50:58 PDT 2015
Sat Oct 10 18:54:42 PDT 2015
Sat Oct 10 18:55:09 PDT 2015
Sat Oct 10 18:57:20 PDT 2015
Sat Oct 10 18:57:32 PDT 2015
Sat Oct 10 18:57:54 PDT 2015
Sat Oct 10 19:02:35 PDT 2015
Sat Oct 10 19:02:51 PDT 2015
Sat Oct 10 19:03:58 PDT 2015
Sat Oct 10 19:04:22 PDT 2015
Sat Oct 10 19:04:37 PDT 2015
Sat Oct 10 19:05:17 PDT 2015
Sat Oct 10 19:09:50 PDT 2015
Sat Oct 10 19:11:10 PDT 2015
Sat Oct 10 20:27:19 PDT 2015
Sat Oct 10 20:27:29 PDT 2015
Sat Oct 10 21:58:57 PDT 2015
Sat Oct 10 21:59:03 PDT 2015
Sat Oct 10 22:26:15 PDT 2015
Sun Oct 11 15:05:54 PDT 2015
Sun Oct 11 15:13:38 PDT 2015
Sun Oct 11 21:54:55 PDT 2015
Sun Oct 11 21:57:30 PDT 2015
Sun Oct 11 21:58:24 PDT 2015
Mon Oct 12 09:15:23 PDT 2015
Mon Oct 12 09:15:40 PDT 2015
Tue Oct 13 11:49:11 PDT 2015
Tue Oct 13 11:55:24 PDT 2015
Tue Oct 13 22:04:14 PDT 2015
Tue Oct 13 22:13:23 PDT 2015
Tue Oct 13 22:18:43 PDT 2015
Tue Oct 13 22:20:50 PDT 2015
Tue Oct 13 22:23:07 PDT 2015
Tue Oct 13 22:24:15 PDT 2015
Tue Oct 13 22:34:37 PDT 2015
Tue Oct 13 22:52:11 PDT 2015
Tue Oct 13 22:58:43 PDT 2015
Tue Oct 13 23:00:50 PDT 2015
Tue Oct 13 23:02:08 PDT 2015
Tue Oct 13 23:38:51 PDT 2015
